// Jest Snapshot v1, https://goo.gl/fbAQLP

exports[`Nav snapshot should render Nav correctly 1`] = `
<DocumentFragment>
  <div
    class="nav-links"
  >
    <a
      aria-current="page"
      class="active-nav"
      href="/"
    >
      Rockets
    </a>
    <a
      class=""
      href="/dragons"
    >
      Dragons
    </a>
    <a
      class=""
      href="/missions"
    >
      Missions
    </a>
    <a
      class=""
      href="/myprofile"
    >
      My Profile
    </a>
  </div>
</DocumentFragment>
`;
